1/30 investrade_2022-12-30 (6.5s): U.S. markets closed out December on mixed but generally positive notes, with technology gi
2/30 investrade_2023-01-03 (6.5s): U.S. markets opened mixed on January 3rd, with technology stocks showing significant volat
3/30 investrade_2023-01-04 (7.1s): U.S. markets closed mixed on January 4, with technology stocks generally outperforming bro
4/30 investrade_2023-01-05 (5.3s): U.S. markets closed mixed on January 5, with technology stocks underperforming broader ind
5/30 investrade_2023-01-06 (7.1s): U.S. markets closed out January's first week with broad-based gains, led by technology and
6/30 investrade_2023-01-09 (8.0s): U.S. markets closed mixed on January 9, with technology stocks continuing their dominance 
7/30 investrade_2023-01-10 (5.8s): U.S. markets closed out January's second trading session with broad-based gains, led by te
8/30 investrade_2023-01-11 (7.2s): U.S. markets closed out January's first week with broad-based gains across major indices, 
9/30 investrade_2023-01-12 (7.2s): U.S. markets closed out January's second trading session with broad-based gains, led by te
10/30 investrade_2023-01-13 (7.5s): U.S. markets closed out January's second trading session with broad-based gains, led by te
11/30 investrade_2023-01-17 (8.1s): U.S. markets closed mixed on January 17, with technology stocks continuing their dominance
12/30 investrade_2023-01-18 (7.9s): U.S. markets closed mixed on January 18, with technology stocks underperforming broader in
13/30 investrade_2023-01-19 (7.3s): U.S. markets closed lower on January 19, 2023, as all major indices posted declines follow
14/30 investrade_2023-01-20 (5.9s): U.S. markets closed out January's first week with broad-based gains, led by technology sto
15/30 investrade_2023-01-23 (7.7s): U.S. markets closed out January's first week with broad-based gains across major indices, 
16/30 investrade_2023-01-24 (5.7s): U.S. markets closed mixed on January 24, with technology stocks continuing their dominance
17/30 investrade_2023-01-25 (6.3s): U.S. markets closed mixed on January 25, with technology stocks driving gains while broade
18/30 investrade_2023-01-26 (5.9s): U.S. markets closed out January's second trading session with broad-based gains, led by te
19/30 investrade_2023-01-27 (6.8s): U.S. markets closed out January's second trading session with broad-based gains, led by te
20/30 investrade_2023-01-30 (5.9s): U.S. markets closed mixed on January 30, with technology stocks underperforming broader in
21/30 investrade_2023-01-31 (7.2s): U.S. markets closed out January on a broadly positive note, with major indices posting gai
22/30 investrade_2023-02-01 (6.9s): U.S. markets closed out January with broad-based gains, led by technology and small-cap eq
23/30 investrade_2023-02-02 (7.2s): U.S. markets closed out February with broad strength, led by technology giants that surged
24/30 investrade_2023-02-03 (6.5s): U.S. markets closed mixed on February 3, with technology stocks diverging sharply as Apple
25/30 investrade_2023-02-06 (7.4s): U.S. markets closed mixed on February 6, with technology stocks underperforming broader in
26/30 investrade_2023-02-07 (7.4s): U.S. markets closed out February with broad-based gains, led by technology stocks that ral
27/30 investrade_2023-02-08 (7.3s): U.S. markets closed mixed on February 8, with technology stocks showing significant diverg
28/30 investrade_2023-02-09 (7.9s): U.S. markets closed lower on February 9, 2023, as technology stocks led the decline across
29/30 investrade_2023-02-10 (6.2s): U.S. markets closed mixed on February 10, with technology stocks under pressure while broa
30/30 investrade_2023-02-13 (9.1s): U.S. markets closed out February with broad-based gains, led by technology and small-cap e

wrote 30 generations -> /media/mahmoud/Shared Data1/General/TU Dresden/Semester SoSe 26/AI story telling/data-downloads/datatales-eval/generations.json
