1/30 investrade_2022-12-30 (44.8s): U.S. markets showed mixed performance on December 30, as the S&P 500 and Nasdaq Composite 
2/30 investrade_2023-01-03 (22.0s): U.S. markets opened the new year with mixed results as technology and growth stocks showed
3/30 investrade_2023-01-04 (30.5s): U.S. markets showed mixed performance on January 4, as the Dow Jones Industrial Average ad
4/30 investrade_2023-01-05 (27.8s): U.S. markets faced downward pressure on January 5, as major indices and technology stocks 
5/30 investrade_2023-01-06 (23.3s): U.S. markets showed broad strength on January 6, as major indices and technology stocks ou
6/30 investrade_2023-01-09 (23.9s): U.S. markets showed broad gains on January 9, as technology and semiconductor sectors outp
7/30 investrade_2023-01-10 (28.4s): U.S. markets showed mixed performance on January 10, as technology and growth sectors outp
8/30 investrade_2023-01-11 (26.2s): U.S. markets advanced on January 11, as major indices and technology stocks showed broad g
9/30 investrade_2023-01-12 (29.7s): U.S. markets showed broad gains on January 12, with major indices and technology stocks pu
10/30 investrade_2023-01-13 (25.1s): U.S. markets showed broad gains on January 13, as major indices and technology stocks tren
11/30 investrade_2023-01-17 (23.8s): U.S. markets showed mixed performance on January 17, as technology and semiconductor secto
12/30 investrade_2023-01-18 (26.6s): U.S. markets showed mixed results on January 18, as the S&P 500 declined to close at 3,990
13/30 investrade_2023-01-19 (32.1s): U.S. markets faced downward pressure on January 19, as major indices and technology stocks
14/30 investrade_2023-01-20 (26.9s): U.S. markets showed broad gains on January 20, as technology and growth sectors outperform
15/30 investrade_2023-01-23 (29.9s): U.S. markets showed broad gains on January 23, as major indices and technology stocks outp
16/30 investrade_2023-01-24 (31.9s): U.S. markets showed mixed performance on January 24, as technology and semiconductor secto
17/30 investrade_2023-01-25 (30.4s): U.S. markets showed mixed results on January 25, as the Dow Jones Industrial Average edged
18/30 investrade_2023-01-26 (28.0s): U.S. markets finished the trading session on January 26 with broad gains as major indices 
19/30 investrade_2023-01-27 (28.9s): U.S. markets showed broad gains on January 27, as technology and growth sectors outperform
20/30 investrade_2023-01-30 (34.0s): U.S. markets faced a challenging trading session on January 30, as broad indices and major
21/30 investrade_2023-01-31 (37.8s): U.S. markets showed broad gains on January 31, as technology and growth sectors outperform
22/30 investrade_2023-02-01 (32.4s): U.S. markets showed broad gains on February 1, as technology and semiconductor sectors out
23/30 investrade_2023-02-02 (30.4s): U.S. markets showed broad strength on February 2, as technology and growth sectors outperf
24/30 investrade_2023-02-03 (31.7s): U.S. markets showed mixed results on February 3, as technology giants and broader indices 
25/30 investrade_2023-02-06 (28.4s): U.S. markets faced downward pressure on February 6, as major indices and technology stocks
26/30 investrade_2023-02-07 (32.6s): U.S. markets showed broad strength on February 7, as major indices and technology stocks o
27/30 investrade_2023-02-08 (28.4s): U.S. markets experienced a downward shift on February 8, as major indices and technology s
28/30 investrade_2023-02-09 (29.7s): U.S. markets faced downward pressure on February 9, as major indices and large-cap technol
29/30 investrade_2023-02-10 (34.7s): U.S. markets showed mixed performance on February 10, as the S&P 500 and Dow Jones Industr
30/30 investrade_2023-02-13 (29.4s): U.S. markets showed broad gains on February 13, with major indices and technology stocks t

wrote 30 generations -> generations_gemma4.json
