2026-06-17 18:12:26,374 INFO Generating: model=gemma4:12b n=20 split=test domains=['openweather', 'gsmarena', 'ice_hockey', 'owid', 'wikidata']
2026-06-17 18:12:51,772 INFO [openweather] 1/20 (25.3s): The weather forecast for Del Gallego over the next few days indicates a period of consistent cloud cover and frequent pr
2026-06-17 18:13:30,277 INFO [openweather] 2/20 (38.5s): The weather in Milford over the next few days will transition from cloudy skies to snowy conditions. Starting on January
2026-06-17 18:14:20,232 INFO [openweather] 3/20 (50.0s): The weather forecast for Wanmao over the next few days indicates a period of consistent cloud cover and cold temperature
2026-06-17 18:15:02,892 INFO [openweather] 4/20 (42.7s): The weather in Theale over the next few days will transition from cloudy conditions to periods of rain before settling i
2026-06-17 18:15:46,469 INFO [openweather] 5/20 (43.6s): The weather in Wurzbach over the next few days will transition from rainy conditions to snow as temperatures steadily de
2026-06-17 18:16:32,310 INFO [openweather] 6/20 (45.8s): The weather forecast for Srostki over the next few days indicates a period of consistent snow and overcast skies. Starti
2026-06-17 18:17:12,978 INFO [openweather] 7/20 (40.7s): The weather in Steenvoorde over the next few days will transition from rainy conditions to colder, overcast skies. Start
2026-06-17 18:18:03,598 INFO [openweather] 8/20 (50.6s): The weather in Lenauheim over the next few days will see a gradual cooling trend with consistent cloud cover. Starting o
2026-06-17 18:18:51,199 INFO [openweather] 9/20 (47.6s): The weather forecast for Nazareno begins on January 3rd with clear skies and temperatures reaching up to 15.55°C by the 
2026-06-17 18:19:29,562 INFO [openweather] 10/20 (38.4s): The weather in Busalla over the next few days will transition from cloudy skies to consistent precipitation. Starting on
2026-06-17 18:20:16,585 INFO [openweather] 11/20 (47.0s): The weather in Snagov over the next few days will transition from clear skies to rainy and snowy conditions. Starting on
2026-06-17 18:21:02,480 INFO [openweather] 12/20 (45.9s): The weather forecast for Chongqing over the next few days indicates a period of consistent cloud cover with some variati
2026-06-17 18:21:56,562 INFO [openweather] 13/20 (54.1s): The weather forecast for Laborie over the next few days indicates a mix of cloud cover and occasional rain. Starting on 
2026-06-17 18:22:47,475 INFO [openweather] 14/20 (50.9s): The weather forecast for Sisophon over the next few days indicates a mix of clear skies and varying cloud cover with tem
2026-06-17 18:23:40,974 INFO [openweather] 15/20 (53.5s): The weather forecast for Sëlva begins with a period of heavy cloud cover and snow starting on the evening of January 5th
2026-06-17 18:24:36,956 INFO [openweather] 16/20 (56.0s): The weather in Hof will transition from rainy conditions to snow and then clearer skies over the next few days. Starting
2026-06-17 18:25:25,814 INFO [openweather] 17/20 (48.9s): The weather forecast for San Julian begins with a period of moderate rain on January 3rd with temperatures reaching 33.5
2026-06-17 18:26:07,554 INFO [openweather] 18/20 (41.7s): The weather for the next few days will begin with a mix of rain and overcast conditions on January 3rd and 4th, followed
2026-06-17 18:26:51,081 INFO [openweather] 19/20 (43.5s): The weather in Albeștii Pământeni over the next few days will transition from overcast conditions to periods of rain and
2026-06-17 18:27:56,706 INFO [openweather] 20/20 (65.6s): The weather for El Copey over the next few days will feature a mix of cloud cover and high temperatures. On January 3rd,
2026-06-17 18:27:56,715 INFO [openweather] wrote 20 outputs -> /media/mahmoud/Shared Data1/General/TU Dresden/Semester SoSe 26/AI story telling/data-downloads/paper5-quintd/data/quintd-1/outputs/test/openweather/direct/gemma4.json
2026-06-17 18:28:50,419 INFO [gsmarena] 1/20 (53.7s): The vivo iQOO 12 Pro is a high-performance smartphone featuring a 6.78-inch AMOLED display with a resolution of 1440 x 3
2026-06-17 18:29:35,403 INFO [gsmarena] 2/20 (45.0s): The Emporia Elegance is a mobile device featuring a 1.8-inch TFT display with a resolution of 128 x 160 pixels and an In
2026-06-17 18:30:24,043 INFO [gsmarena] 3/20 (48.6s): The Era is a smartphone featuring a 5.0-inch IPS LCD display with a resolution of 480x854 pixels and an 8 MP main camera
2026-06-17 18:31:13,441 INFO [gsmarena] 4/20 (49.4s): The NEC e636 is a mobile device featuring a 2.2-inch TFT display with 256K colors and a resolution of 240x320 pixels, co
2026-06-17 18:32:05,466 INFO [gsmarena] 5/20 (52.0s): The Sony Xperia 10 V is a 5G-enabled smartphone featuring a 6.1-inch OLED Triluminos display with a resolution of 1080 x
2026-06-17 18:32:52,753 INFO [gsmarena] 6/20 (47.3s): The Plum Ram 8 is a mobile device released in December 2018 featuring a 2.4-inch TFT display with a resolution of 240 x 
2026-06-17 18:33:40,754 INFO [gsmarena] 7/20 (48.0s): The Amazon Fire HD 8 Plus (2022) is a tablet featuring an 8.0-inch IPS LCD display with a resolution of 800 x 1280 pixel
2026-06-17 18:34:32,465 INFO [gsmarena] 8/20 (51.7s): The Ulefone Armor X12 Pro is a rugged smartphone released in August 2023, featuring an IPS LCD display of 5.45 inches wi
2026-06-17 18:35:27,117 INFO [gsmarena] 9/20 (54.7s): The Sony Ericsson Live with Walkman is a mobile device featuring a 3.2-inch TFT display with a resolution of 320 x 480 p
2026-06-17 18:36:15,056 INFO [gsmarena] 10/20 (47.9s): The Ericsson T20e is a discontinued mobile phone featuring a monochrome graphic display with a resolution of 101 x 33 pi
2026-06-17 18:37:03,528 INFO [gsmarena] 11/20 (48.5s): The Lava Blaze 2 is a smartphone featuring a 6.5-inch IPS LCD display with a 90Hz refresh rate and a resolution of 720x1
2026-06-17 18:37:45,408 INFO [gsmarena] 12/20 (41.9s): The Unnecto Quattro S is a mobile device featuring a 4.0-inch TFT display with a resolution of 480x800 pixels and a quad
2026-06-17 18:38:42,437 INFO [gsmarena] 13/20 (57.0s): The Ulefone Armor X12 is a durable smartphone released in September 2023, featuring an IP68/IP69K rating and MIL-STD-810
2026-06-17 18:39:35,547 INFO [gsmarena] 14/20 (53.1s): The T-Mobile REVL 6 Pro is a smartphone released in July 2022 featuring a large 6.82-inch IPS LCD display with a resolut
2026-06-17 18:40:28,065 INFO [gsmarena] 15/20 (52.5s): The Infinix Note 30i is a smartphone featuring a 6.66-inch AMOLED display with a resolution of 1080 x 2400 pixels. It is
2026-06-17 18:41:01,743 INFO [gsmarena] 16/20 (33.7s): The Parla Sonic 3.5S is a discontinued mobile device released in July 2015 that features a 3.5-inch TFT display with a r
2026-06-17 18:41:32,711 INFO [gsmarena] 17/20 (31.0s): The Orange Sydney is a discontinued mobile device featuring a 3.2-inch TFT resistive touchscreen with a resolution of 24
2026-06-17 18:42:11,014 INFO [gsmarena] 18/20 (38.3s): The Alcatel 1V (2021) is a smartphone featuring a 6.52-inch IPS LCD display with a resolution of 720 x 1600 pixels. It i
2026-06-17 18:42:48,694 INFO [gsmarena] 19/20 (37.7s): The HP 7 Plus is a discontinued mobile device featuring a 7.0-inch IPS LCD display with a resolution of 600 x 1024 pixel
2026-06-17 18:43:22,277 INFO [gsmarena] 20/20 (33.6s): The Motorola Razr 40 Ultra is a foldable smartphone featuring a 6.9-inch Foldable LTPO AMOLED main display with a resolu
2026-06-17 18:43:22,290 INFO [gsmarena] wrote 20 outputs -> /media/mahmoud/Shared Data1/General/TU Dresden/Semester SoSe 26/AI story telling/data-downloads/paper5-quintd/data/quintd-1/outputs/test/gsmarena/direct/gemma4.json
2026-06-17 18:43:44,593 INFO [ice_hockey] 1/20 (22.3s): In a Liiga 23/24 season match held on November 29, 2023, Tappara Tampere defeated Oulun Kärpät with a final score of 4-1
2026-06-17 18:44:07,685 INFO [ice_hockey] 2/20 (23.1s): In a VHL 23/24 season matchup on November 29, 2023, Zvezda Moscow defeated Omskie Kryliya with a final score of 4-0. The
2026-06-17 18:44:26,810 INFO [ice_hockey] 3/20 (19.1s): In a Liiga 23/24 season matchup on November 28, 2023, HPK Hämeenlinna defeated TPS Turku with a final score of 4-1. The 
2026-06-17 18:44:44,344 INFO [ice_hockey] 4/20 (17.5s): In a 1. Liga 23/24 match held on November 29, 2023, SC Kolin defeated HC Slavia Praha with a final score of 2-1. SC Koli
2026-06-17 18:45:08,174 INFO [ice_hockey] 5/20 (23.8s): In an MHL 23/24 season matchup on November 29, 2023, Russkiye Vityazi defeated Mytishchinskie Atlanty with a final score
2026-06-17 18:45:28,228 INFO [ice_hockey] 6/20 (20.1s): In an ICE Hockey League 23/24 match held on November 28, 2023, Graz 99ers defeated HC Asiago with a final score of 2-1. 
2026-06-17 18:45:51,662 INFO [ice_hockey] 7/20 (23.4s): In a 1. Liga 23/24 match held on November 29, 2023, HC Frýdek-Místek defeated HC RT Torax Poruba with a final score of 4
2026-06-17 18:46:11,385 INFO [ice_hockey] 8/20 (19.7s): In an MHL 23/24 season matchup on November 29, 2023, Omskie Yastreby defeated Tolpar UFA with a final score of 3-2. The 
2026-06-17 18:46:30,249 INFO [ice_hockey] 9/20 (18.9s): In an Extraliga 23/24 match held on November 28, 2023, HK Mogilev defeated HK Brest with a final score of 3-2. Both team
2026-06-17 18:46:49,092 INFO [ice_hockey] 10/20 (18.8s): In a HockeyEttan 23/24 match held on November 29, 2023, Piteå HC defeated Clemensnäs HC with a final score of 7-4. The g
2026-06-17 18:47:08,374 INFO [ice_hockey] 11/20 (19.3s): In an Extraliga 23/24 match held on November 28, 2023, HK Dukla Michalovce defeated HC 19 Humenne with a final score of 
2026-06-17 18:47:29,907 INFO [ice_hockey] 12/20 (21.5s): In a HockeyEttan 23/24 match held on November 29, 2023, Halmstad Hammers HC defeated Mörrum Gois IK with a final score o
2026-06-17 18:47:46,526 INFO [ice_hockey] 13/20 (16.6s): In a Coupe de France 23/24 match held on November 28, 2023, Amiens Hockey Élite defeated Aigles de Nice with a final sco
2026-06-17 18:48:07,488 INFO [ice_hockey] 14/20 (21.0s): In an ECHL 23/24 season matchup on November 30, 2023, the Jacksonville Icemen defeated the Orlando Solar Bears with a fi
2026-06-17 18:48:26,342 INFO [ice_hockey] 15/20 (18.9s): In a WHL 23/24 season game held on November 30, 2023, the Lethbridge Hurricanes defeated the Calgary Hitmen with a final
2026-06-17 18:49:00,706 INFO [ice_hockey] 16/20 (34.4s): In a KHL 23/24 season matchup on November 28, 2023, Severstal Cherepovets defeated Sibir Novosibirsk with a final score 
2026-06-17 18:49:41,443 INFO [ice_hockey] 17/20 (40.7s): In a Mestis 23/24 season matchup on November 28, 2023, Kiekko-Vantaa defeated Forssan Palloseura with a final score of 4
2026-06-17 18:50:14,338 INFO [ice_hockey] 18/20 (32.9s): In an NHL 23/24 game held on November 29, 2023, the Dallas Stars defeated the Winnipeg Jets with a final score of 2-0. T
2026-06-17 18:50:41,618 INFO [ice_hockey] 19/20 (27.3s): In an AHL 23/24 season game held on November 30, 2023, the Hershey Bears defeated the Wilkes Barre-Scranton Penguins wit
2026-06-17 18:51:07,961 INFO [ice_hockey] 20/20 (26.3s): In an Allsvenskan 23/24 match held on November 29, 2023, AIK defeated Mora IK with a final score of 5-4. While both team
2026-06-17 18:51:07,970 INFO [ice_hockey] wrote 20 outputs -> /media/mahmoud/Shared Data1/General/TU Dresden/Semester SoSe 26/AI story telling/data-downloads/paper5-quintd/data/quintd-1/outputs/test/ice_hockey/direct/gemma4.json
2026-06-17 18:51:41,505 INFO [owid] 1/20 (33.5s): This chart illustrates the percentage of the population in Mongolia that received a first dose of the COVID-19 vaccine b
2026-06-17 18:52:27,723 INFO [owid] 2/20 (46.2s): This chart illustrates the effective reproduction rate (R) of COVID-19 in Myanmar from April 20, 2020, to January 1, 202
2026-06-17 18:52:57,845 INFO [owid] 3/20 (30.1s): This chart illustrates the 7-day rolling average of the positive rate of COVID-19 tests in Estonia as a percentage from 
2026-06-17 18:53:30,783 INFO [owid] 4/20 (32.9s): This chart illustrates the percentage of the population that received a first COVID-19 vaccine dose from April 2021 thro
2026-06-17 18:54:04,191 INFO [owid] 5/20 (33.4s): This chart illustrates the steady increase in life expectancy over a period of seven decades, rising from 51.94 years in
2026-06-17 18:54:33,383 INFO [owid] 6/20 (29.2s): This chart tracks the percentage of the population receiving a first COVID-19 vaccine dose from December 2020 through Se
2026-06-17 18:55:12,763 INFO [owid] 7/20 (39.4s): This chart tracks the number of new COVID-19 cases per million people using a 7-day rolling average from February 2020 t
2026-06-17 18:55:43,469 INFO [owid] 8/20 (30.7s): This chart displays the 7-day rolling average of new COVID-19 tests per 1,000 people from March 6, 2022, to May 15, 2022
2026-06-17 18:56:14,241 INFO [owid] 9/20 (30.8s): This chart illustrates the number of people vaccinated against COVID-19 per hundred of the population from March 2021 to
2026-06-17 18:56:47,513 INFO [owid] 10/20 (33.3s): This chart illustrates the trend of life expectancy at birth over a period spanning from 1921 to 2021. Starting at 38.8 
2026-06-17 18:57:22,312 INFO [owid] 11/20 (34.8s): This chart illustrates the trend of life expectancy at birth in a specific country from 1950 to 2021. Starting at 64.59 
2026-06-17 18:58:11,367 INFO [owid] 12/20 (49.1s): This chart illustrates the life expectancy at birth in Nicaragua from 1920 to 2021. The data shows a general upward tren
2026-06-17 18:58:52,596 INFO [owid] 13/20 (41.2s): This chart illustrates the life expectancy at birth in Saint Kitts and Nevis from 1950 to 2021. The data shows a general
2026-06-17 18:59:36,146 INFO [owid] 14/20 (43.5s): This chart illustrates the life expectancy at birth in the Marshall Islands from 1950 to 2021. The data shows a general 
2026-06-17 19:00:12,547 INFO [owid] 15/20 (36.4s): This chart illustrates the progression of life expectancy at birth in Tonga from 1950 to 2021. Starting at 54.03 years i
2026-06-17 19:00:37,061 INFO [owid] 16/20 (24.5s): This chart illustrates the life expectancy at birth in Libya from 1950 to 2021, measured in years. The data shows a sign
2026-06-17 19:01:13,180 INFO [owid] 17/20 (36.1s): This chart illustrates the percentage of the population in Kazakhstan that received a first dose of the COVID-19 vaccine
2026-06-17 19:01:30,831 INFO [owid] 18/20 (17.6s): This chart tracks the effective reproduction rate (R) of COVID-19 from April 5, 2020, to January 2, 2023. The data shows
2026-06-17 19:01:54,823 INFO [owid] 19/20 (24.0s): This chart illustrates the 7-day rolling average of the COVID-19 positivity rate as a percentage of total tests from Feb
2026-06-17 19:02:14,433 INFO [owid] 20/20 (19.6s): This chart tracks the number of new confirmed COVID-19 cases per million people using a 7-day rolling average from Febru
2026-06-17 19:02:14,445 INFO [owid] wrote 20 outputs -> /media/mahmoud/Shared Data1/General/TU Dresden/Semester SoSe 26/AI story telling/data-downloads/paper5-quintd/data/quintd-1/outputs/test/owid/direct/gemma4.json
2026-06-17 19:02:31,408 INFO [wikidata] 1/20 (17.0s): *Hundertwasser's Rainy Day* is a German-language documentary short film featuring Friedensreich Hundertwasser. Directed 
2026-06-17 19:02:43,501 INFO [wikidata] 2/20 (12.1s): The Catalan Republic is a republic and a historical country located on the Iberian Peninsula near the Mediterranean Sea.
2026-06-17 19:02:50,822 INFO [wikidata] 3/20 (7.3s): Ratlam State was a historical country and a princely state of the British Raj located in the administrative territorial 
2026-06-17 19:03:03,824 INFO [wikidata] 4/20 (13.0s): Based on the novel *Father of Frankenstein*, the film *Gods and Monsters* was written by Bill Condon and edited by Virgi
2026-06-17 19:03:13,592 INFO [wikidata] 5/20 (9.8s): Plavi is a Croatian drama film from Yugoslavia directed by Ante Babaja and distributed by Jadran Film. The film features
2026-06-17 19:03:24,200 INFO [wikidata] 6/20 (10.6s): Afghanistan is a country whose legislative body is the National Assembly of Afghanistan and whose head of government hol
2026-06-17 19:03:31,629 INFO [wikidata] 7/20 (7.4s): The Qin dynasty was a historical Chinese state and dynasty located in Asia with its capital in Xianyang. It was characte
2026-06-17 19:03:39,029 INFO [wikidata] 8/20 (7.4s): Comores Aviation International is an airline based in Moroni, Comoros. Its primary hub is located at Prince Said Ibrahim
2026-06-17 19:03:47,601 INFO [wikidata] 9/20 (8.6s): Sotiris Gioulekas is a male basketball player from Greece who was born in Larissa. He competes in men's basketball as a 
2026-06-17 19:03:59,275 INFO [wikidata] 10/20 (11.7s): Gandhara is a historical country located in the continent of Asia. It is categorized under the topic of Gandhara and has
2026-06-17 19:04:06,814 INFO [wikidata] 11/20 (7.5s): Frequency Therapeutics is a business located in the United States of America.
2026-06-17 19:04:14,548 INFO [wikidata] 12/20 (7.7s): Niyaz Mohammad Amiri is a male politician from Afghanistan who was born in Ghazni. He holds the position of Member of th
2026-06-17 19:04:21,041 INFO [wikidata] 13/20 (6.5s): Vamsa Vilakku is a Tamil-language film from India. The film features cast members Prabhu Ganesan and Sivaji Ganesan, wit
2026-06-17 19:04:27,506 INFO [wikidata] 14/20 (6.5s): Ionis Pharmaceuticals is a public company in the biotechnology and pharmaceutical industries based in Carlsbad, United S
2026-06-17 19:04:41,012 INFO [wikidata] 15/20 (13.5s): *La Femme que j'ai le plus aimée* is a film featuring a cast that includes Raymond Aimos, Bernard Blier, Michèle Alfa, A
2026-06-17 19:04:48,248 INFO [wikidata] 16/20 (7.2s): *Viaggi di nozze* is a film of Italian origin produced by Rita Rusić and edited by Antonio Siciliano. The production fea
2026-06-17 19:04:53,676 INFO [wikidata] 17/20 (5.4s): Vincent Vaughan is a male human and Gaelic football player who was born in Mullinahone. He is a member of the Tipperary 
2026-06-17 19:04:56,525 INFO [wikidata] 18/20 (2.8s): Dangerous Night is an Indian horror film featuring music by composer Bappi Lahiri.
2026-06-17 19:04:59,946 INFO [wikidata] 19/20 (3.4s): Scoopler is a business that was a participant of Y Combinator Summer 2008.
2026-06-17 19:05:07,179 INFO [wikidata] 20/20 (7.2s): The Beylik of Tunis was a historical country located on the continent of Africa with its capital in Tunis. It was a mona
2026-06-17 19:05:07,181 INFO [wikidata] wrote 20 outputs -> /media/mahmoud/Shared Data1/General/TU Dresden/Semester SoSe 26/AI story telling/data-downloads/paper5-quintd/data/quintd-1/outputs/test/wikidata/direct/gemma4.json
4.json
